Archive member included to satisfy reference by file (symbol)

/opt/homebrew/Cellar/avr-gcc@9/9.3.0_3/lib/avr-gcc/9/gcc/avr/9.3.0/avr5/libgcc.a(_udivmodsi4.o)
                              ./src/LCD_program.o (__udivmodsi4)
/opt/homebrew/Cellar/avr-gcc@9/9.3.0_3/lib/avr-gcc/9/gcc/avr/9.3.0/avr5/libgcc.a(_exit.o)
                              /opt/homebrew/Cellar/avr-gcc@9/9.3.0_3/lib/avr-gcc/9/gcc/avr/9.3.0/../../../../../../avr/lib/avr5/crtatmega32.o (exit)
/opt/homebrew/Cellar/avr-gcc@9/9.3.0_3/lib/avr-gcc/9/gcc/avr/9.3.0/../../../../../../avr/lib/avr5/libm.a(addsf3.o)
                              ./src/LCD_program.o (__addsf3)
/opt/homebrew/Cellar/avr-gcc@9/9.3.0_3/lib/avr-gcc/9/gcc/avr/9.3.0/../../../../../../avr/lib/avr5/libm.a(addsf3x.o)
                              /opt/homebrew/Cellar/avr-gcc@9/9.3.0_3/lib/avr-gcc/9/gcc/avr/9.3.0/../../../../../../avr/lib/avr5/libm.a(addsf3.o) (__addsf3x)
/opt/homebrew/Cellar/avr-gcc@9/9.3.0_3/lib/avr-gcc/9/gcc/avr/9.3.0/../../../../../../avr/lib/avr5/libm.a(cmpsf2.o)
                              ./src/EEPROM_program.o (__ltsf2)
/opt/homebrew/Cellar/avr-gcc@9/9.3.0_3/lib/avr-gcc/9/gcc/avr/9.3.0/../../../../../../avr/lib/avr5/libm.a(divsf3.o)
                              ./src/LCD_program.o (__divsf3)
/opt/homebrew/Cellar/avr-gcc@9/9.3.0_3/lib/avr-gcc/9/gcc/avr/9.3.0/../../../../../../avr/lib/avr5/libm.a(divsf3x.o)
                              /opt/homebrew/Cellar/avr-gcc@9/9.3.0_3/lib/avr-gcc/9/gcc/avr/9.3.0/../../../../../../avr/lib/avr5/libm.a(divsf3.o) (__divsf3x)
/opt/homebrew/Cellar/avr-gcc@9/9.3.0_3/lib/avr-gcc/9/gcc/avr/9.3.0/../../../../../../avr/lib/avr5/libm.a(fixunssfsi.o)
                              ./src/EEPROM_program.o (__fixunssfsi)
/opt/homebrew/Cellar/avr-gcc@9/9.3.0_3/lib/avr-gcc/9/gcc/avr/9.3.0/../../../../../../avr/lib/avr5/libm.a(fp_cmp.o)
                              /opt/homebrew/Cellar/avr-gcc@9/9.3.0_3/lib/avr-gcc/9/gcc/avr/9.3.0/../../../../../../avr/lib/avr5/libm.a(cmpsf2.o) (__fp_cmp)
/opt/homebrew/Cellar/avr-gcc@9/9.3.0_3/lib/avr-gcc/9/gcc/avr/9.3.0/../../../../../../avr/lib/avr5/libm.a(fp_inf.o)
                              /opt/homebrew/Cellar/avr-gcc@9/9.3.0_3/lib/avr-gcc/9/gcc/avr/9.3.0/../../../../../../avr/lib/avr5/libm.a(addsf3x.o) (__fp_inf)
/opt/homebrew/Cellar/avr-gcc@9/9.3.0_3/lib/avr-gcc/9/gcc/avr/9.3.0/../../../../../../avr/lib/avr5/libm.a(fp_nan.o)
                              /opt/homebrew/Cellar/avr-gcc@9/9.3.0_3/lib/avr-gcc/9/gcc/avr/9.3.0/../../../../../../avr/lib/avr5/libm.a(addsf3x.o) (__fp_nan)
/opt/homebrew/Cellar/avr-gcc@9/9.3.0_3/lib/avr-gcc/9/gcc/avr/9.3.0/../../../../../../avr/lib/avr5/libm.a(fp_pscA.o)
                              /opt/homebrew/Cellar/avr-gcc@9/9.3.0_3/lib/avr-gcc/9/gcc/avr/9.3.0/../../../../../../avr/lib/avr5/libm.a(addsf3x.o) (__fp_pscA)
/opt/homebrew/Cellar/avr-gcc@9/9.3.0_3/lib/avr-gcc/9/gcc/avr/9.3.0/../../../../../../avr/lib/avr5/libm.a(fp_pscB.o)
                              /opt/homebrew/Cellar/avr-gcc@9/9.3.0_3/lib/avr-gcc/9/gcc/avr/9.3.0/../../../../../../avr/lib/avr5/libm.a(addsf3x.o) (__fp_pscB)
/opt/homebrew/Cellar/avr-gcc@9/9.3.0_3/lib/avr-gcc/9/gcc/avr/9.3.0/../../../../../../avr/lib/avr5/libm.a(fp_round.o)
                              /opt/homebrew/Cellar/avr-gcc@9/9.3.0_3/lib/avr-gcc/9/gcc/avr/9.3.0/../../../../../../avr/lib/avr5/libm.a(addsf3.o) (__fp_round)
/opt/homebrew/Cellar/avr-gcc@9/9.3.0_3/lib/avr-gcc/9/gcc/avr/9.3.0/../../../../../../avr/lib/avr5/libm.a(fp_split3.o)
                              /opt/homebrew/Cellar/avr-gcc@9/9.3.0_3/lib/avr-gcc/9/gcc/avr/9.3.0/../../../../../../avr/lib/avr5/libm.a(addsf3x.o) (__fp_split3)
/opt/homebrew/Cellar/avr-gcc@9/9.3.0_3/lib/avr-gcc/9/gcc/avr/9.3.0/../../../../../../avr/lib/avr5/libm.a(fp_zero.o)
                              /opt/homebrew/Cellar/avr-gcc@9/9.3.0_3/lib/avr-gcc/9/gcc/avr/9.3.0/../../../../../../avr/lib/avr5/libm.a(addsf3x.o) (__fp_zero)
/opt/homebrew/Cellar/avr-gcc@9/9.3.0_3/lib/avr-gcc/9/gcc/avr/9.3.0/../../../../../../avr/lib/avr5/libm.a(gesf2.o)
                              ./src/EEPROM_program.o (__gtsf2)
/opt/homebrew/Cellar/avr-gcc@9/9.3.0_3/lib/avr-gcc/9/gcc/avr/9.3.0/../../../../../../avr/lib/avr5/libm.a(mulsf3.o)
                              ./src/EEPROM_program.o (__mulsf3)
/opt/homebrew/Cellar/avr-gcc@9/9.3.0_3/lib/avr-gcc/9/gcc/avr/9.3.0/../../../../../../avr/lib/avr5/libm.a(mulsf3x.o)
                              /opt/homebrew/Cellar/avr-gcc@9/9.3.0_3/lib/avr-gcc/9/gcc/avr/9.3.0/../../../../../../avr/lib/avr5/libm.a(mulsf3.o) (__mulsf3x)

Memory Configuration

Name             Origin             Length             Attributes
text             0x0000000000000000 0x0000000000020000 xr
data             0x0000000000800060 0x000000000000ffa0 rw !x
eeprom           0x0000000000810000 0x0000000000010000 rw !x
fuse             0x0000000000820000 0x0000000000000400 rw !x
lock             0x0000000000830000 0x0000000000000400 rw !x
signature        0x0000000000840000 0x0000000000000400 rw !x
user_signatures  0x0000000000850000 0x0000000000000400 rw !x
*default*        0x0000000000000000 0xffffffffffffffff

Linker script and memory map

LOAD /opt/homebrew/Cellar/avr-gcc@9/9.3.0_3/lib/avr-gcc/9/gcc/avr/9.3.0/../../../../../../avr/lib/avr5/crtatmega32.o
LOAD ./src/DIO_program.o
LOAD ./src/EEPROM_program.o
LOAD ./src/GI_program.o
LOAD ./src/LCD_program.o
LOAD ./src/LED_program.o
LOAD ./src/TWI_program.o
LOAD ./src/app.o
START GROUP
LOAD /opt/homebrew/Cellar/avr-gcc@9/9.3.0_3/lib/avr-gcc/9/gcc/avr/9.3.0/avr5/libgcc.a
LOAD /opt/homebrew/Cellar/avr-gcc@9/9.3.0_3/lib/avr-gcc/9/gcc/avr/9.3.0/../../../../../../avr/lib/avr5/libm.a
LOAD /opt/homebrew/Cellar/avr-gcc@9/9.3.0_3/lib/avr-gcc/9/gcc/avr/9.3.0/../../../../../../avr/lib/avr5/libc.a
LOAD /opt/homebrew/Cellar/avr-gcc@9/9.3.0_3/lib/avr-gcc/9/gcc/avr/9.3.0/../../../../../../avr/lib/avr5/libatmega32.a
END GROUP
                0x0000000000020000                __TEXT_REGION_LENGTH__ = DEFINED (__TEXT_REGION_LENGTH__)?__TEXT_REGION_LENGTH__:0x20000
                0x000000000000ffa0                __DATA_REGION_LENGTH__ = DEFINED (__DATA_REGION_LENGTH__)?__DATA_REGION_LENGTH__:0xffa0
                0x0000000000010000                __EEPROM_REGION_LENGTH__ = DEFINED (__EEPROM_REGION_LENGTH__)?__EEPROM_REGION_LENGTH__:0x10000
                0x0000000000000400                __FUSE_REGION_LENGTH__ = DEFINED (__FUSE_REGION_LENGTH__)?__FUSE_REGION_LENGTH__:0x400
                0x0000000000000400                __LOCK_REGION_LENGTH__ = DEFINED (__LOCK_REGION_LENGTH__)?__LOCK_REGION_LENGTH__:0x400
                0x0000000000000400                __SIGNATURE_REGION_LENGTH__ = DEFINED (__SIGNATURE_REGION_LENGTH__)?__SIGNATURE_REGION_LENGTH__:0x400
                0x0000000000000400                __USER_SIGNATURE_REGION_LENGTH__ = DEFINED (__USER_SIGNATURE_REGION_LENGTH__)?__USER_SIGNATURE_REGION_LENGTH__:0x400

.hash
 *(.hash)

.dynsym
 *(.dynsym)

.dynstr
 *(.dynstr)

.gnu.version
 *(.gnu.version)

.gnu.version_d
 *(.gnu.version_d)

.gnu.version_r
 *(.gnu.version_r)

.rel.init
 *(.rel.init)

.rela.init
 *(.rela.init)

.rel.text
 *(.rel.text)
 *(.rel.text.*)
 *(.rel.gnu.linkonce.t*)

.rela.text
 *(.rela.text)
 *(.rela.text.*)
 *(.rela.gnu.linkonce.t*)

.rel.fini
 *(.rel.fini)

.rela.fini
 *(.rela.fini)

.rel.rodata
 *(.rel.rodata)
 *(.rel.rodata.*)
 *(.rel.gnu.linkonce.r*)

.rela.rodata
 *(.rela.rodata)
 *(.rela.rodata.*)
 *(.rela.gnu.linkonce.r*)

.rel.data
 *(.rel.data)
 *(.rel.data.*)
 *(.rel.gnu.linkonce.d*)

.rela.data
 *(.rela.data)
 *(.rela.data.*)
 *(.rela.gnu.linkonce.d*)

.rel.ctors
 *(.rel.ctors)

.rela.ctors
 *(.rela.ctors)

.rel.dtors
 *(.rel.dtors)

.rela.dtors
 *(.rela.dtors)

.rel.got
 *(.rel.got)

.rela.got
 *(.rela.got)

.rel.bss
 *(.rel.bss)

.rela.bss
 *(.rela.bss)

.rel.plt
 *(.rel.plt)

.rela.plt
 *(.rela.plt)

.text           0x0000000000000000     0x24f6
 *(.vectors)
 .vectors       0x0000000000000000       0x54 /opt/homebrew/Cellar/avr-gcc@9/9.3.0_3/lib/avr-gcc/9/gcc/avr/9.3.0/../../../../../../avr/lib/avr5/crtatmega32.o
                0x0000000000000000                __vectors
                0x0000000000000000                __vector_default
 *(.vectors)
 *(.progmem.gcc*)
                0x0000000000000054                . = ALIGN (0x2)
                0x0000000000000054                __trampolines_start = .
 *(.trampolines)
 .trampolines   0x0000000000000054        0x0 linker stubs
 *(.trampolines*)
                0x0000000000000054                __trampolines_end = .
 *libprintf_flt.a:*(.progmem.data)
 *libc.a:*(.progmem.data)
 *(.progmem.*)
                0x0000000000000054                . = ALIGN (0x2)
 *(.lowtext)
 *(.lowtext*)
                0x0000000000000054                __ctors_start = .
 *(.ctors)
                0x0000000000000054                __ctors_end = .
                0x0000000000000054                __dtors_start = .
 *(.dtors)
                0x0000000000000054                __dtors_end = .
 SORT_BY_NAME(*)(.ctors)
 SORT_BY_NAME(*)(.dtors)
 *(.init0)
 .init0         0x0000000000000054        0x0 /opt/homebrew/Cellar/avr-gcc@9/9.3.0_3/lib/avr-gcc/9/gcc/avr/9.3.0/../../../../../../avr/lib/avr5/crtatmega32.o
                0x0000000000000054                __init
 *(.init0)
 *(.init1)
 *(.init1)
 *(.init2)
 .init2         0x0000000000000054        0xc /opt/homebrew/Cellar/avr-gcc@9/9.3.0_3/lib/avr-gcc/9/gcc/avr/9.3.0/../../../../../../avr/lib/avr5/crtatmega32.o
 *(.init2)
 *(.init3)
 *(.init3)
 *(.init4)
 *(.init4)
 *(.init5)
 *(.init5)
 *(.init6)
 *(.init6)
 *(.init7)
 *(.init7)
 *(.init8)
 *(.init8)
 *(.init9)
 .init9         0x0000000000000060        0x8 /opt/homebrew/Cellar/avr-gcc@9/9.3.0_3/lib/avr-gcc/9/gcc/avr/9.3.0/../../../../../../avr/lib/avr5/crtatmega32.o
 *(.init9)
 *(.text)
 .text          0x0000000000000068        0x4 /opt/homebrew/Cellar/avr-gcc@9/9.3.0_3/lib/avr-gcc/9/gcc/avr/9.3.0/../../../../../../avr/lib/avr5/crtatmega32.o
                0x0000000000000068                __vector_20
                0x0000000000000068                __vector_12
                0x0000000000000068                __bad_interrupt
                0x0000000000000068                __vector_6
                0x0000000000000068                __vector_3
                0x0000000000000068                __vector_11
                0x0000000000000068                __vector_13
                0x0000000000000068                __vector_17
                0x0000000000000068                __vector_19
                0x0000000000000068                __vector_7
                0x0000000000000068                __vector_5
                0x0000000000000068                __vector_4
                0x0000000000000068                __vector_9
                0x0000000000000068                __vector_2
                0x0000000000000068                __vector_15
                0x0000000000000068                __vector_8
                0x0000000000000068                __vector_14
                0x0000000000000068                __vector_10
                0x0000000000000068                __vector_16
                0x0000000000000068                __vector_18
                0x0000000000000068                __vector_1
 .text          0x000000000000006c        0x0 ./src/DIO_program.o
 .text          0x000000000000006c        0x0 ./src/EEPROM_program.o
 .text          0x000000000000006c        0x0 ./src/GI_program.o
 .text          0x000000000000006c        0x0 ./src/LCD_program.o
 .text          0x000000000000006c        0x0 ./src/LED_program.o
 .text          0x000000000000006c        0x0 ./src/TWI_program.o
 .text          0x000000000000006c        0x0 ./src/app.o
 .text          0x000000000000006c        0x0 /opt/homebrew/Cellar/avr-gcc@9/9.3.0_3/lib/avr-gcc/9/gcc/avr/9.3.0/avr5/libgcc.a(_udivmodsi4.o)
 .text          0x000000000000006c        0x0 /opt/homebrew/Cellar/avr-gcc@9/9.3.0_3/lib/avr-gcc/9/gcc/avr/9.3.0/avr5/libgcc.a(_exit.o)
 .text          0x000000000000006c        0x0 /opt/homebrew/Cellar/avr-gcc@9/9.3.0_3/lib/avr-gcc/9/gcc/avr/9.3.0/../../../../../../avr/lib/avr5/libm.a(addsf3.o)
 .text          0x000000000000006c        0x0 /opt/homebrew/Cellar/avr-gcc@9/9.3.0_3/lib/avr-gcc/9/gcc/avr/9.3.0/../../../../../../avr/lib/avr5/libm.a(addsf3x.o)
 .text          0x000000000000006c        0x0 /opt/homebrew/Cellar/avr-gcc@9/9.3.0_3/lib/avr-gcc/9/gcc/avr/9.3.0/../../../../../../avr/lib/avr5/libm.a(cmpsf2.o)
 .text          0x000000000000006c        0x0 /opt/homebrew/Cellar/avr-gcc@9/9.3.0_3/lib/avr-gcc/9/gcc/avr/9.3.0/../../../../../../avr/lib/avr5/libm.a(divsf3.o)
 .text          0x000000000000006c        0x0 /opt/homebrew/Cellar/avr-gcc@9/9.3.0_3/lib/avr-gcc/9/gcc/avr/9.3.0/../../../../../../avr/lib/avr5/libm.a(divsf3x.o)
 .text          0x000000000000006c        0x0 /opt/homebrew/Cellar/avr-gcc@9/9.3.0_3/lib/avr-gcc/9/gcc/avr/9.3.0/../../../../../../avr/lib/avr5/libm.a(fixunssfsi.o)
 .text          0x000000000000006c        0x0 /opt/homebrew/Cellar/avr-gcc@9/9.3.0_3/lib/avr-gcc/9/gcc/avr/9.3.0/../../../../../../avr/lib/avr5/libm.a(fp_cmp.o)
 .text          0x000000000000006c        0x0 /opt/homebrew/Cellar/avr-gcc@9/9.3.0_3/lib/avr-gcc/9/gcc/avr/9.3.0/../../../../../../avr/lib/avr5/libm.a(fp_inf.o)
 .text          0x000000000000006c        0x0 /opt/homebrew/Cellar/avr-gcc@9/9.3.0_3/lib/avr-gcc/9/gcc/avr/9.3.0/../../../../../../avr/lib/avr5/libm.a(fp_nan.o)
 .text          0x000000000000006c        0x0 /opt/homebrew/Cellar/avr-gcc@9/9.3.0_3/lib/avr-gcc/9/gcc/avr/9.3.0/../../../../../../avr/lib/avr5/libm.a(fp_pscA.o)
 .text          0x000000000000006c        0x0 /opt/homebrew/Cellar/avr-gcc@9/9.3.0_3/lib/avr-gcc/9/gcc/avr/9.3.0/../../../../../../avr/lib/avr5/libm.a(fp_pscB.o)
 .text          0x000000000000006c        0x0 /opt/homebrew/Cellar/avr-gcc@9/9.3.0_3/lib/avr-gcc/9/gcc/avr/9.3.0/../../../../../../avr/lib/avr5/libm.a(fp_round.o)
 .text          0x000000000000006c        0x0 /opt/homebrew/Cellar/avr-gcc@9/9.3.0_3/lib/avr-gcc/9/gcc/avr/9.3.0/../../../../../../avr/lib/avr5/libm.a(fp_split3.o)
 .text          0x000000000000006c        0x0 /opt/homebrew/Cellar/avr-gcc@9/9.3.0_3/lib/avr-gcc/9/gcc/avr/9.3.0/../../../../../../avr/lib/avr5/libm.a(fp_zero.o)
 .text          0x000000000000006c        0x0 /opt/homebrew/Cellar/avr-gcc@9/9.3.0_3/lib/avr-gcc/9/gcc/avr/9.3.0/../../../../../../avr/lib/avr5/libm.a(gesf2.o)
 .text          0x000000000000006c        0x0 /opt/homebrew/Cellar/avr-gcc@9/9.3.0_3/lib/avr-gcc/9/gcc/avr/9.3.0/../../../../../../avr/lib/avr5/libm.a(mulsf3.o)
 .text          0x000000000000006c        0x0 /opt/homebrew/Cellar/avr-gcc@9/9.3.0_3/lib/avr-gcc/9/gcc/avr/9.3.0/../../../../../../avr/lib/avr5/libm.a(mulsf3x.o)
                0x000000000000006c                . = ALIGN (0x2)
 *(.text.*)
 .text.MDIO_voidInit
                0x000000000000006c       0x5a ./src/DIO_program.o
                0x000000000000006c                MDIO_voidInit
 .text.MDIO_voidSetPinDirection
                0x00000000000000c6      0x200 ./src/DIO_program.o
                0x00000000000000c6                MDIO_voidSetPinDirection
 .text.MDIO_voidSetPinValue
                0x00000000000002c6      0x20c ./src/DIO_program.o
                0x00000000000002c6                MDIO_voidSetPinValue
 .text.MDIO_voidSetPortDirection
                0x00000000000004d2       0x72 ./src/DIO_program.o
                0x00000000000004d2                MDIO_voidSetPortDirection
 .text.MDIO_voidSetPortValue
                0x0000000000000544       0x72 ./src/DIO_program.o
                0x0000000000000544                MDIO_voidSetPortValue
 .text.MDIO_u8GetPinValue
                0x00000000000005b6       0xd8 ./src/DIO_program.o
                0x00000000000005b6                MDIO_u8GetPinValue
 .text.MDIO_voidTogglePinValue
                0x000000000000068e       0xf8 ./src/DIO_program.o
                0x000000000000068e                MDIO_voidTogglePinValue
 .text.EEPROM_voidSendDataByte
                0x0000000000000786      0x170 ./src/EEPROM_program.o
                0x0000000000000786                EEPROM_voidSendDataByte
 .text.EEPROM_u8ReadDataByte
                0x00000000000008f6       0x52 ./src/EEPROM_program.o
                0x00000000000008f6                EEPROM_u8ReadDataByte
 .text.MGI_voidEnable
                0x0000000000000948       0x22 ./src/GI_program.o
                0x0000000000000948                MGI_voidEnable
 .text.MGI_voidDisable
                0x000000000000096a       0x22 ./src/GI_program.o
                0x000000000000096a                MGI_voidDisable
 .text.HLCD_voidSendData
                0x000000000000098c      0x176 ./src/LCD_program.o
                0x000000000000098c                HLCD_voidSendData
 .text.HLCD_voidSendCommand
                0x0000000000000b02      0x176 ./src/LCD_program.o
                0x0000000000000b02                HLCD_voidSendCommand
 .text.HLCD_voidInit
                0x0000000000000c78      0xa7e ./src/LCD_program.o
                0x0000000000000c78                HLCD_voidInit
 .text.HLCD_voidClearDisplay
                0x00000000000016f6      0x14a ./src/LCD_program.o
                0x00000000000016f6                HLCD_voidClearDisplay
 .text.HLCD_voidSentString
                0x0000000000001840       0x40 ./src/LCD_program.o
                0x0000000000001840                HLCD_voidSentString
 .text.HLCD_voidGoToPos
                0x0000000000001880      0x16e ./src/LCD_program.o
                0x0000000000001880                HLCD_voidGoToPos
 .text.HLCD_voidDisplayNumber
                0x00000000000019ee      0x1b6 ./src/LCD_program.o
                0x00000000000019ee                HLCD_voidDisplayNumber
 .text.LCD_voidSendSpecialCharacter
                0x0000000000001ba4       0x78 ./src/LCD_program.o
                0x0000000000001ba4                LCD_voidSendSpecialCharacter
 .text.HLED_voidTurnOn
                0x0000000000001c1c       0x24 ./src/LED_program.o
                0x0000000000001c1c                HLED_voidTurnOn
 .text.HLED_voidTurnOff
                0x0000000000001c40       0x24 ./src/LED_program.o
                0x0000000000001c40                HLED_voidTurnOff
 .text.HLED_voidSetLedStatus
                0x0000000000001c64       0x2a ./src/LED_program.o
                0x0000000000001c64                HLED_voidSetLedStatus
 .text.HLED_voidToggleLed
                0x0000000000001c8e       0x22 ./src/LED_program.o
                0x0000000000001c8e                HLED_voidToggleLed
 .text.TWI_voidInitMaster
                0x0000000000001cb0       0x7a ./src/TWI_program.o
                0x0000000000001cb0                TWI_voidInitMaster
 .text.TWI_voidInitSlave
                0x0000000000001d2a       0x46 ./src/TWI_program.o
                0x0000000000001d2a                TWI_voidInitSlave
 .text.TWI_ErrorStatusSendStartConditionWithACK
                0x0000000000001d70       0x6e ./src/TWI_program.o
                0x0000000000001d70                TWI_ErrorStatusSendStartConditionWithACK
 .text.TWI_ErrorStatusSendRepeatedStartConditionWithACK
                0x0000000000001dde       0x5c ./src/TWI_program.o
                0x0000000000001dde                TWI_ErrorStatusSendRepeatedStartConditionWithACK
 .text.TWI_ErrorStatusSendSlaveAddressWithWriteACK
                0x0000000000001e3a       0x96 ./src/TWI_program.o
                0x0000000000001e3a                TWI_ErrorStatusSendSlaveAddressWithWriteACK
 .text.TWI_ErrorStatusSendSlaveAddressWithReadACK
                0x0000000000001ed0       0x92 ./src/TWI_program.o
                0x0000000000001ed0                TWI_ErrorStatusSendSlaveAddressWithReadACK
 .text.TWI_ErrorStatusMasterWriteDataByteWithACK
                0x0000000000001f62       0x6a ./src/TWI_program.o
                0x0000000000001f62                TWI_ErrorStatusMasterWriteDataByteWithACK
 .text.TWI_ErrorStatusMasterReadDataByteWithACK
                0x0000000000001fcc       0x7a ./src/TWI_program.o
                0x0000000000001fcc                TWI_ErrorStatusMasterReadDataByteWithACK
 .text.TWI_voidSendStopCondition
                0x0000000000002046       0x34 ./src/TWI_program.o
                0x0000000000002046                TWI_voidSendStopCondition
 .text.main     0x000000000000207a       0x40 ./src/app.o
                0x000000000000207a                main
 .text.libgcc.mul
                0x00000000000020ba        0x0 /opt/homebrew/Cellar/avr-gcc@9/9.3.0_3/lib/avr-gcc/9/gcc/avr/9.3.0/avr5/libgcc.a(_udivmodsi4.o)
 .text.libgcc.div
                0x00000000000020ba       0x44 /opt/homebrew/Cellar/avr-gcc@9/9.3.0_3/lib/avr-gcc/9/gcc/avr/9.3.0/avr5/libgcc.a(_udivmodsi4.o)
                0x00000000000020ba                __udivmodsi4
 .text.libgcc   0x00000000000020fe        0x0 /opt/homebrew/Cellar/avr-gcc@9/9.3.0_3/lib/avr-gcc/9/gcc/avr/9.3.0/avr5/libgcc.a(_udivmodsi4.o)
 .text.libgcc.prologue
                0x00000000000020fe        0x0 /opt/homebrew/Cellar/avr-gcc@9/9.3.0_3/lib/avr-gcc/9/gcc/avr/9.3.0/avr5/libgcc.a(_udivmodsi4.o)
 .text.libgcc.builtins
                0x00000000000020fe        0x0 /opt/homebrew/Cellar/avr-gcc@9/9.3.0_3/lib/avr-gcc/9/gcc/avr/9.3.0/avr5/libgcc.a(_udivmodsi4.o)
 .text.libgcc.fmul
                0x00000000000020fe        0x0 /opt/homebrew/Cellar/avr-gcc@9/9.3.0_3/lib/avr-gcc/9/gcc/avr/9.3.0/avr5/libgcc.a(_udivmodsi4.o)
 .text.libgcc.fixed
                0x00000000000020fe        0x0 /opt/homebrew/Cellar/avr-gcc@9/9.3.0_3/lib/avr-gcc/9/gcc/avr/9.3.0/avr5/libgcc.a(_udivmodsi4.o)
 .text.libgcc.mul
                0x00000000000020fe        0x0 /opt/homebrew/Cellar/avr-gcc@9/9.3.0_3/lib/avr-gcc/9/gcc/avr/9.3.0/avr5/libgcc.a(_exit.o)
 .text.libgcc.div
                0x00000000000020fe        0x0 /opt/homebrew/Cellar/avr-gcc@9/9.3.0_3/lib/avr-gcc/9/gcc/avr/9.3.0/avr5/libgcc.a(_exit.o)
 .text.libgcc   0x00000000000020fe        0x0 /opt/homebrew/Cellar/avr-gcc@9/9.3.0_3/lib/avr-gcc/9/gcc/avr/9.3.0/avr5/libgcc.a(_exit.o)
 .text.libgcc.prologue
                0x00000000000020fe        0x0 /opt/homebrew/Cellar/avr-gcc@9/9.3.0_3/lib/avr-gcc/9/gcc/avr/9.3.0/avr5/libgcc.a(_exit.o)
 .text.libgcc.builtins
                0x00000000000020fe        0x0 /opt/homebrew/Cellar/avr-gcc@9/9.3.0_3/lib/avr-gcc/9/gcc/avr/9.3.0/avr5/libgcc.a(_exit.o)
 .text.libgcc.fmul
                0x00000000000020fe        0x0 /opt/homebrew/Cellar/avr-gcc@9/9.3.0_3/lib/avr-gcc/9/gcc/avr/9.3.0/avr5/libgcc.a(_exit.o)
 .text.libgcc.fixed
                0x00000000000020fe        0x0 /opt/homebrew/Cellar/avr-gcc@9/9.3.0_3/lib/avr-gcc/9/gcc/avr/9.3.0/avr5/libgcc.a(_exit.o)
 .text.avr-libc.fplib
                0x00000000000020fe        0xe /opt/homebrew/Cellar/avr-gcc@9/9.3.0_3/lib/avr-gcc/9/gcc/avr/9.3.0/../../../../../../avr/lib/avr5/libm.a(addsf3.o)
                0x00000000000020fe                __subsf3
                0x0000000000002100                __addsf3
 .text.avr-libc.fplib
                0x000000000000210c       0xcc /opt/homebrew/Cellar/avr-gcc@9/9.3.0_3/lib/avr-gcc/9/gcc/avr/9.3.0/../../../../../../avr/lib/avr5/libm.a(addsf3x.o)
                0x000000000000212e                __addsf3x
 .text.avr-libc.fplib
                0x00000000000021d8        0xa /opt/homebrew/Cellar/avr-gcc@9/9.3.0_3/lib/avr-gcc/9/gcc/avr/9.3.0/../../../../../../avr/lib/avr5/libm.a(cmpsf2.o)
                0x00000000000021d8                __lesf2
                0x00000000000021d8                __nesf2
                0x00000000000021d8                __eqsf2
                0x00000000000021d8                __cmpsf2
                0x00000000000021d8                __ltsf2
 .text.avr-libc.fplib
                0x00000000000021e2        0x8 /opt/homebrew/Cellar/avr-gcc@9/9.3.0_3/lib/avr-gcc/9/gcc/avr/9.3.0/../../../../../../avr/lib/avr5/libm.a(divsf3.o)
                0x00000000000021e2                __divsf3
 .text.avr-libc.fplib
                0x00000000000021ea       0xdc /opt/homebrew/Cellar/avr-gcc@9/9.3.0_3/lib/avr-gcc/9/gcc/avr/9.3.0/../../../../../../avr/lib/avr5/libm.a(divsf3x.o)
                0x000000000000220a                __divsf3x
                0x0000000000002210                __divsf3_pse
 .text.avr-libc.fplib
                0x00000000000022c6       0x5e /opt/homebrew/Cellar/avr-gcc@9/9.3.0_3/lib/avr-gcc/9/gcc/avr/9.3.0/../../../../../../avr/lib/avr5/libm.a(fixunssfsi.o)
                0x00000000000022c6                __fixunssfsi
 .text.avr-libc.fplib
                0x0000000000002324       0x48 /opt/homebrew/Cellar/avr-gcc@9/9.3.0_3/lib/avr-gcc/9/gcc/avr/9.3.0/../../../../../../avr/lib/avr5/libm.a(fp_cmp.o)
                0x0000000000002324                __fp_cmp
 .text.avr-libc.fplib
                0x000000000000236c        0xc /opt/homebrew/Cellar/avr-gcc@9/9.3.0_3/lib/avr-gcc/9/gcc/avr/9.3.0/../../../../../../avr/lib/avr5/libm.a(fp_inf.o)
                0x000000000000236c                __fp_inf
 .text.avr-libc.fplib
                0x0000000000002378        0x6 /opt/homebrew/Cellar/avr-gcc@9/9.3.0_3/lib/avr-gcc/9/gcc/avr/9.3.0/../../../../../../avr/lib/avr5/libm.a(fp_nan.o)
                0x0000000000002378                __fp_nan
 .text.avr-libc.fplib
                0x000000000000237e        0xe /opt/homebrew/Cellar/avr-gcc@9/9.3.0_3/lib/avr-gcc/9/gcc/avr/9.3.0/../../../../../../avr/lib/avr5/libm.a(fp_pscA.o)
                0x000000000000237e                __fp_pscA
 .text.avr-libc.fplib
                0x000000000000238c        0xe /opt/homebrew/Cellar/avr-gcc@9/9.3.0_3/lib/avr-gcc/9/gcc/avr/9.3.0/../../../../../../avr/lib/avr5/libm.a(fp_pscB.o)
                0x000000000000238c                __fp_pscB
 .text.avr-libc.fplib
                0x000000000000239a       0x22 /opt/homebrew/Cellar/avr-gcc@9/9.3.0_3/lib/avr-gcc/9/gcc/avr/9.3.0/../../../../../../avr/lib/avr5/libm.a(fp_round.o)
                0x000000000000239a                __fp_round
 .text.avr-libc.fplib
                0x00000000000023bc       0x44 /opt/homebrew/Cellar/avr-gcc@9/9.3.0_3/lib/avr-gcc/9/gcc/avr/9.3.0/../../../../../../avr/lib/avr5/libm.a(fp_split3.o)
                0x00000000000023bc                __fp_split3
                0x00000000000023cc                __fp_splitA
 .text.avr-libc.fplib
                0x0000000000002400        0xe /opt/homebrew/Cellar/avr-gcc@9/9.3.0_3/lib/avr-gcc/9/gcc/avr/9.3.0/../../../../../../avr/lib/avr5/libm.a(fp_zero.o)
                0x0000000000002400                __fp_zero
                0x0000000000002402                __fp_szero
 .text.avr-libc.fplib
                0x000000000000240e        0xa /opt/homebrew/Cellar/avr-gcc@9/9.3.0_3/lib/avr-gcc/9/gcc/avr/9.3.0/../../../../../../avr/lib/avr5/libm.a(gesf2.o)
                0x000000000000240e                __gtsf2
                0x000000000000240e                __gesf2
 .text.avr-libc.fplib
                0x0000000000002418        0x8 /opt/homebrew/Cellar/avr-gcc@9/9.3.0_3/lib/avr-gcc/9/gcc/avr/9.3.0/../../../../../../avr/lib/avr5/libm.a(mulsf3.o)
                0x0000000000002418                __mulsf3
 .text.avr-libc.fplib
                0x0000000000002420       0xd2 /opt/homebrew/Cellar/avr-gcc@9/9.3.0_3/lib/avr-gcc/9/gcc/avr/9.3.0/../../../../../../avr/lib/avr5/libm.a(mulsf3x.o)
                0x000000000000243e                __mulsf3x
                0x0000000000002444                __mulsf3_pse
                0x00000000000024f2                . = ALIGN (0x2)
 *(.fini9)
 .fini9         0x00000000000024f2        0x0 /opt/homebrew/Cellar/avr-gcc@9/9.3.0_3/lib/avr-gcc/9/gcc/avr/9.3.0/avr5/libgcc.a(_exit.o)
                0x00000000000024f2                exit
                0x00000000000024f2                _exit
 *(.fini9)
 *(.fini8)
 *(.fini8)
 *(.fini7)
 *(.fini7)
 *(.fini6)
 *(.fini6)
 *(.fini5)
 *(.fini5)
 *(.fini4)
 *(.fini4)
 *(.fini3)
 *(.fini3)
 *(.fini2)
 *(.fini2)
 *(.fini1)
 *(.fini1)
 *(.fini0)
 .fini0         0x00000000000024f2        0x4 /opt/homebrew/Cellar/avr-gcc@9/9.3.0_3/lib/avr-gcc/9/gcc/avr/9.3.0/avr5/libgcc.a(_exit.o)
 *(.fini0)
 *(.hightext)
 *(.hightext*)
 *(.progmemx.*)
                0x00000000000024f6                . = ALIGN (0x2)
 *(.jumptables)
 *(.jumptables*)
                0x00000000000024f6                _etext = .

.data           0x0000000000800060        0x0 load address 0x00000000000024f6
                [!provide]                        PROVIDE (__data_start = .)
 *(.data)
 .data          0x0000000000800060        0x0 /opt/homebrew/Cellar/avr-gcc@9/9.3.0_3/lib/avr-gcc/9/gcc/avr/9.3.0/../../../../../../avr/lib/avr5/crtatmega32.o
 .data          0x0000000000800060        0x0 ./src/DIO_program.o
 .data          0x0000000000800060        0x0 ./src/EEPROM_program.o
 .data          0x0000000000800060        0x0 ./src/GI_program.o
 .data          0x0000000000800060        0x0 ./src/LCD_program.o
 .data          0x0000000000800060        0x0 ./src/LED_program.o
 .data          0x0000000000800060        0x0 ./src/TWI_program.o
 .data          0x0000000000800060        0x0 ./src/app.o
 .data          0x0000000000800060        0x0 /opt/homebrew/Cellar/avr-gcc@9/9.3.0_3/lib/avr-gcc/9/gcc/avr/9.3.0/avr5/libgcc.a(_udivmodsi4.o)
 .data          0x0000000000800060        0x0 /opt/homebrew/Cellar/avr-gcc@9/9.3.0_3/lib/avr-gcc/9/gcc/avr/9.3.0/avr5/libgcc.a(_exit.o)
 .data          0x0000000000800060        0x0 /opt/homebrew/Cellar/avr-gcc@9/9.3.0_3/lib/avr-gcc/9/gcc/avr/9.3.0/../../../../../../avr/lib/avr5/libm.a(addsf3.o)
 .data          0x0000000000800060        0x0 /opt/homebrew/Cellar/avr-gcc@9/9.3.0_3/lib/avr-gcc/9/gcc/avr/9.3.0/../../../../../../avr/lib/avr5/libm.a(addsf3x.o)
 .data          0x0000000000800060        0x0 /opt/homebrew/Cellar/avr-gcc@9/9.3.0_3/lib/avr-gcc/9/gcc/avr/9.3.0/../../../../../../avr/lib/avr5/libm.a(cmpsf2.o)
 .data          0x0000000000800060        0x0 /opt/homebrew/Cellar/avr-gcc@9/9.3.0_3/lib/avr-gcc/9/gcc/avr/9.3.0/../../../../../../avr/lib/avr5/libm.a(divsf3.o)
 .data          0x0000000000800060        0x0 /opt/homebrew/Cellar/avr-gcc@9/9.3.0_3/lib/avr-gcc/9/gcc/avr/9.3.0/../../../../../../avr/lib/avr5/libm.a(divsf3x.o)
 .data          0x0000000000800060        0x0 /opt/homebrew/Cellar/avr-gcc@9/9.3.0_3/lib/avr-gcc/9/gcc/avr/9.3.0/../../../../../../avr/lib/avr5/libm.a(fixunssfsi.o)
 .data          0x0000000000800060        0x0 /opt/homebrew/Cellar/avr-gcc@9/9.3.0_3/lib/avr-gcc/9/gcc/avr/9.3.0/../../../../../../avr/lib/avr5/libm.a(fp_cmp.o)
 .data          0x0000000000800060        0x0 /opt/homebrew/Cellar/avr-gcc@9/9.3.0_3/lib/avr-gcc/9/gcc/avr/9.3.0/../../../../../../avr/lib/avr5/libm.a(fp_inf.o)
 .data          0x0000000000800060        0x0 /opt/homebrew/Cellar/avr-gcc@9/9.3.0_3/lib/avr-gcc/9/gcc/avr/9.3.0/../../../../../../avr/lib/avr5/libm.a(fp_nan.o)
 .data          0x0000000000800060        0x0 /opt/homebrew/Cellar/avr-gcc@9/9.3.0_3/lib/avr-gcc/9/gcc/avr/9.3.0/../../../../../../avr/lib/avr5/libm.a(fp_pscA.o)
 .data          0x0000000000800060        0x0 /opt/homebrew/Cellar/avr-gcc@9/9.3.0_3/lib/avr-gcc/9/gcc/avr/9.3.0/../../../../../../avr/lib/avr5/libm.a(fp_pscB.o)
 .data          0x0000000000800060        0x0 /opt/homebrew/Cellar/avr-gcc@9/9.3.0_3/lib/avr-gcc/9/gcc/avr/9.3.0/../../../../../../avr/lib/avr5/libm.a(fp_round.o)
 .data          0x0000000000800060        0x0 /opt/homebrew/Cellar/avr-gcc@9/9.3.0_3/lib/avr-gcc/9/gcc/avr/9.3.0/../../../../../../avr/lib/avr5/libm.a(fp_split3.o)
 .data          0x0000000000800060        0x0 /opt/homebrew/Cellar/avr-gcc@9/9.3.0_3/lib/avr-gcc/9/gcc/avr/9.3.0/../../../../../../avr/lib/avr5/libm.a(fp_zero.o)
 .data          0x0000000000800060        0x0 /opt/homebrew/Cellar/avr-gcc@9/9.3.0_3/lib/avr-gcc/9/gcc/avr/9.3.0/../../../../../../avr/lib/avr5/libm.a(gesf2.o)
 .data          0x0000000000800060        0x0 /opt/homebrew/Cellar/avr-gcc@9/9.3.0_3/lib/avr-gcc/9/gcc/avr/9.3.0/../../../../../../avr/lib/avr5/libm.a(mulsf3.o)
 .data          0x0000000000800060        0x0 /opt/homebrew/Cellar/avr-gcc@9/9.3.0_3/lib/avr-gcc/9/gcc/avr/9.3.0/../../../../../../avr/lib/avr5/libm.a(mulsf3x.o)
 *(.data*)
 *(.gnu.linkonce.d*)
 *(.rodata)
 *(.rodata*)
 *(.gnu.linkonce.r*)
                0x0000000000800060                . = ALIGN (0x2)
                0x0000000000800060                _edata = .
                [!provide]                        PROVIDE (__data_end = .)

.bss            0x0000000000800060        0x0
                [!provide]                        PROVIDE (__bss_start = .)
 *(.bss)
 .bss           0x0000000000800060        0x0 /opt/homebrew/Cellar/avr-gcc@9/9.3.0_3/lib/avr-gcc/9/gcc/avr/9.3.0/../../../../../../avr/lib/avr5/crtatmega32.o
 .bss           0x0000000000800060        0x0 ./src/DIO_program.o
 .bss           0x0000000000800060        0x0 ./src/EEPROM_program.o
 .bss           0x0000000000800060        0x0 ./src/GI_program.o
 .bss           0x0000000000800060        0x0 ./src/LCD_program.o
 .bss           0x0000000000800060        0x0 ./src/LED_program.o
 .bss           0x0000000000800060        0x0 ./src/TWI_program.o
 .bss           0x0000000000800060        0x0 ./src/app.o
 .bss           0x0000000000800060        0x0 /opt/homebrew/Cellar/avr-gcc@9/9.3.0_3/lib/avr-gcc/9/gcc/avr/9.3.0/avr5/libgcc.a(_udivmodsi4.o)
 .bss           0x0000000000800060        0x0 /opt/homebrew/Cellar/avr-gcc@9/9.3.0_3/lib/avr-gcc/9/gcc/avr/9.3.0/avr5/libgcc.a(_exit.o)
 .bss           0x0000000000800060        0x0 /opt/homebrew/Cellar/avr-gcc@9/9.3.0_3/lib/avr-gcc/9/gcc/avr/9.3.0/../../../../../../avr/lib/avr5/libm.a(addsf3.o)
 .bss           0x0000000000800060        0x0 /opt/homebrew/Cellar/avr-gcc@9/9.3.0_3/lib/avr-gcc/9/gcc/avr/9.3.0/../../../../../../avr/lib/avr5/libm.a(addsf3x.o)
 .bss           0x0000000000800060        0x0 /opt/homebrew/Cellar/avr-gcc@9/9.3.0_3/lib/avr-gcc/9/gcc/avr/9.3.0/../../../../../../avr/lib/avr5/libm.a(cmpsf2.o)
 .bss           0x0000000000800060        0x0 /opt/homebrew/Cellar/avr-gcc@9/9.3.0_3/lib/avr-gcc/9/gcc/avr/9.3.0/../../../../../../avr/lib/avr5/libm.a(divsf3.o)
 .bss           0x0000000000800060        0x0 /opt/homebrew/Cellar/avr-gcc@9/9.3.0_3/lib/avr-gcc/9/gcc/avr/9.3.0/../../../../../../avr/lib/avr5/libm.a(divsf3x.o)
 .bss           0x0000000000800060        0x0 /opt/homebrew/Cellar/avr-gcc@9/9.3.0_3/lib/avr-gcc/9/gcc/avr/9.3.0/../../../../../../avr/lib/avr5/libm.a(fixunssfsi.o)
 .bss           0x0000000000800060        0x0 /opt/homebrew/Cellar/avr-gcc@9/9.3.0_3/lib/avr-gcc/9/gcc/avr/9.3.0/../../../../../../avr/lib/avr5/libm.a(fp_cmp.o)
 .bss           0x0000000000800060        0x0 /opt/homebrew/Cellar/avr-gcc@9/9.3.0_3/lib/avr-gcc/9/gcc/avr/9.3.0/../../../../../../avr/lib/avr5/libm.a(fp_inf.o)
 .bss           0x0000000000800060        0x0 /opt/homebrew/Cellar/avr-gcc@9/9.3.0_3/lib/avr-gcc/9/gcc/avr/9.3.0/../../../../../../avr/lib/avr5/libm.a(fp_nan.o)
 .bss           0x0000000000800060        0x0 /opt/homebrew/Cellar/avr-gcc@9/9.3.0_3/lib/avr-gcc/9/gcc/avr/9.3.0/../../../../../../avr/lib/avr5/libm.a(fp_pscA.o)
 .bss           0x0000000000800060        0x0 /opt/homebrew/Cellar/avr-gcc@9/9.3.0_3/lib/avr-gcc/9/gcc/avr/9.3.0/../../../../../../avr/lib/avr5/libm.a(fp_pscB.o)
 .bss           0x0000000000800060        0x0 /opt/homebrew/Cellar/avr-gcc@9/9.3.0_3/lib/avr-gcc/9/gcc/avr/9.3.0/../../../../../../avr/lib/avr5/libm.a(fp_round.o)
 .bss           0x0000000000800060        0x0 /opt/homebrew/Cellar/avr-gcc@9/9.3.0_3/lib/avr-gcc/9/gcc/avr/9.3.0/../../../../../../avr/lib/avr5/libm.a(fp_split3.o)
 .bss           0x0000000000800060        0x0 /opt/homebrew/Cellar/avr-gcc@9/9.3.0_3/lib/avr-gcc/9/gcc/avr/9.3.0/../../../../../../avr/lib/avr5/libm.a(fp_zero.o)
 .bss           0x0000000000800060        0x0 /opt/homebrew/Cellar/avr-gcc@9/9.3.0_3/lib/avr-gcc/9/gcc/avr/9.3.0/../../../../../../avr/lib/avr5/libm.a(gesf2.o)
 .bss           0x0000000000800060        0x0 /opt/homebrew/Cellar/avr-gcc@9/9.3.0_3/lib/avr-gcc/9/gcc/avr/9.3.0/../../../../../../avr/lib/avr5/libm.a(mulsf3.o)
 .bss           0x0000000000800060        0x0 /opt/homebrew/Cellar/avr-gcc@9/9.3.0_3/lib/avr-gcc/9/gcc/avr/9.3.0/../../../../../../avr/lib/avr5/libm.a(mulsf3x.o)
 *(.bss*)
 *(COMMON)
                [!provide]                        PROVIDE (__bss_end = .)
                0x00000000000024f6                __data_load_start = LOADADDR (.data)
                0x00000000000024f6                __data_load_end = (__data_load_start + SIZEOF (.data))

.noinit         0x0000000000800060        0x0
                [!provide]                        PROVIDE (__noinit_start = .)
 *(.noinit .noinit.* .gnu.linkonce.n.*)
                [!provide]                        PROVIDE (__noinit_end = .)
                0x0000000000800060                _end = .
                [!provide]                        PROVIDE (__heap_start = .)

.eeprom         0x0000000000810000        0x0
 *(.eeprom*)
                0x0000000000810000                __eeprom_end = .

.fuse
 *(.fuse)
 *(.lfuse)
 *(.hfuse)
 *(.efuse)

.lock
 *(.lock*)

.signature
 *(.signature*)

.stab           0x0000000000000000     0x3618
 *(.stab)
 .stab          0x0000000000000000      0xae0 ./src/DIO_program.o
 .stab          0x0000000000000ae0      0x774 ./src/EEPROM_program.o
                                        0x780 (size before relaxing)
 .stab          0x0000000000001254      0x2e8 ./src/GI_program.o
                                        0x36c (size before relaxing)
 .stab          0x000000000000153c     0x1038 ./src/LCD_program.o
                                       0x1254 (size before relaxing)
 .stab          0x0000000000002574      0x3b4 ./src/LED_program.o
                                        0x438 (size before relaxing)
 .stab          0x0000000000002928      0x984 ./src/TWI_program.o
                                        0xa08 (size before relaxing)
 .stab          0x00000000000032ac      0x36c ./src/app.o
                                        0x5ac (size before relaxing)

.stabstr        0x0000000000000000     0x160b
 *(.stabstr)
 .stabstr       0x0000000000000000     0x160b ./src/DIO_program.o

.stab.excl
 *(.stab.excl)

.stab.exclstr
 *(.stab.exclstr)

.stab.index
 *(.stab.index)

.stab.indexstr
 *(.stab.indexstr)

.comment        0x0000000000000000       0x26
 *(.comment)
 .comment       0x0000000000000000       0x26 ./src/DIO_program.o
                                         0x27 (size before relaxing)
 .comment       0x0000000000000026       0x27 ./src/EEPROM_program.o
 .comment       0x0000000000000026       0x27 ./src/GI_program.o
 .comment       0x0000000000000026       0x27 ./src/LCD_program.o
 .comment       0x0000000000000026       0x27 ./src/LED_program.o
 .comment       0x0000000000000026       0x27 ./src/TWI_program.o
 .comment       0x0000000000000026       0x27 ./src/app.o

.note.gnu.avr.deviceinfo
                0x0000000000000000       0x3c
 .note.gnu.avr.deviceinfo
                0x0000000000000000       0x3c /opt/homebrew/Cellar/avr-gcc@9/9.3.0_3/lib/avr-gcc/9/gcc/avr/9.3.0/../../../../../../avr/lib/avr5/crtatmega32.o

.note.gnu.build-id
 *(.note.gnu.build-id)

.debug
 *(.debug)

.line
 *(.line)

.debug_srcinfo
 *(.debug_srcinfo)

.debug_sfnames
 *(.debug_sfnames)

.debug_aranges  0x0000000000000000       0x40
 *(.debug_aranges)
 .debug_aranges
                0x0000000000000000       0x20 /opt/homebrew/Cellar/avr-gcc@9/9.3.0_3/lib/avr-gcc/9/gcc/avr/9.3.0/avr5/libgcc.a(_udivmodsi4.o)
 .debug_aranges
                0x0000000000000020       0x20 /opt/homebrew/Cellar/avr-gcc@9/9.3.0_3/lib/avr-gcc/9/gcc/avr/9.3.0/avr5/libgcc.a(_exit.o)

.debug_pubnames
 *(.debug_pubnames)

.debug_info     0x0000000000000000      0x532
 *(.debug_info .gnu.linkonce.wi.*)
 .debug_info    0x0000000000000000      0x4e6 /opt/homebrew/Cellar/avr-gcc@9/9.3.0_3/lib/avr-gcc/9/gcc/avr/9.3.0/../../../../../../avr/lib/avr5/crtatmega32.o
 .debug_info    0x00000000000004e6       0x26 /opt/homebrew/Cellar/avr-gcc@9/9.3.0_3/lib/avr-gcc/9/gcc/avr/9.3.0/avr5/libgcc.a(_udivmodsi4.o)
 .debug_info    0x000000000000050c       0x26 /opt/homebrew/Cellar/avr-gcc@9/9.3.0_3/lib/avr-gcc/9/gcc/avr/9.3.0/avr5/libgcc.a(_exit.o)

.debug_abbrev   0x0000000000000000      0x4cb
 *(.debug_abbrev)
 .debug_abbrev  0x0000000000000000      0x4a3 /opt/homebrew/Cellar/avr-gcc@9/9.3.0_3/lib/avr-gcc/9/gcc/avr/9.3.0/../../../../../../avr/lib/avr5/crtatmega32.o
 .debug_abbrev  0x00000000000004a3       0x14 /opt/homebrew/Cellar/avr-gcc@9/9.3.0_3/lib/avr-gcc/9/gcc/avr/9.3.0/avr5/libgcc.a(_udivmodsi4.o)
 .debug_abbrev  0x00000000000004b7       0x14 /opt/homebrew/Cellar/avr-gcc@9/9.3.0_3/lib/avr-gcc/9/gcc/avr/9.3.0/avr5/libgcc.a(_exit.o)

.debug_line     0x0000000000000000      0x19f
 *(.debug_line .debug_line.* .debug_line_end)
 .debug_line    0x0000000000000000       0x1d /opt/homebrew/Cellar/avr-gcc@9/9.3.0_3/lib/avr-gcc/9/gcc/avr/9.3.0/../../../../../../avr/lib/avr5/crtatmega32.o
 .debug_line    0x000000000000001d      0x121 /opt/homebrew/Cellar/avr-gcc@9/9.3.0_3/lib/avr-gcc/9/gcc/avr/9.3.0/avr5/libgcc.a(_udivmodsi4.o)
 .debug_line    0x000000000000013e       0x61 /opt/homebrew/Cellar/avr-gcc@9/9.3.0_3/lib/avr-gcc/9/gcc/avr/9.3.0/avr5/libgcc.a(_exit.o)

.debug_frame
 *(.debug_frame)

.debug_str      0x0000000000000000      0x21c
 *(.debug_str)
 .debug_str     0x0000000000000000      0x196 /opt/homebrew/Cellar/avr-gcc@9/9.3.0_3/lib/avr-gcc/9/gcc/avr/9.3.0/../../../../../../avr/lib/avr5/crtatmega32.o
 .debug_str     0x0000000000000196       0x86 /opt/homebrew/Cellar/avr-gcc@9/9.3.0_3/lib/avr-gcc/9/gcc/avr/9.3.0/avr5/libgcc.a(_udivmodsi4.o)
 .debug_str     0x000000000000021c       0x86 /opt/homebrew/Cellar/avr-gcc@9/9.3.0_3/lib/avr-gcc/9/gcc/avr/9.3.0/avr5/libgcc.a(_exit.o)

.debug_loc
 *(.debug_loc)

.debug_macinfo
 *(.debug_macinfo)

.debug_weaknames
 *(.debug_weaknames)

.debug_funcnames
 *(.debug_funcnames)

.debug_typenames
 *(.debug_typenames)

.debug_varnames
 *(.debug_varnames)

.debug_pubtypes
 *(.debug_pubtypes)

.debug_ranges
 *(.debug_ranges)

.debug_addr
 *(.debug_addr)

.debug_line_str
 *(.debug_line_str)

.debug_loclists
 *(.debug_loclists)

.debug_macro
 *(.debug_macro)

.debug_names
 *(.debug_names)

.debug_rnglists
 *(.debug_rnglists)

.debug_str_offsets
 *(.debug_str_offsets)

.debug_sup
 *(.debug_sup)
OUTPUT(TWI_Driver_FRI.elf elf32-avr)
LOAD linker stubs
